// Jest Snapshot v1, https://goo.gl/fbAQLP

exports[`PagingButton component should render PagingButton correctly 1`] = `undefined`;
