// Jest Snapshot v1, https://goo.gl/fbAQLP

exports[`CurrencyRatesItem component should render CurrencyRatesItem correctly 1`] = `
<div
  className="CurrencyRatesItem"
>
  <span>
    ABC
  </span>
  <span>
    1.0000
  </span>
</div>
`;
