// Jest Snapshot v1, https://goo.gl/fbAQLP

exports[`App component renders without crashing 1`] = `
<Fragment>
  <Connect(Spinner) />
  <Connect(ErrorModal) />
  <div
    className="App"
  >
    <p>
      <Connect(LoadButton) />
    </p>
    <Connect(CurrencyRatesList) />
  </div>
</Fragment>
`;
